{
  "exclude": {
    "files": "go.sum|^.secrets.baseline$|.cra/.cveignore",
    "lines": null
  },
  "generated_at": "2026-04-22T11:49:59Z",
  "plugins_used": [
    {
      "name": "AWSKeyDetector"
    },
    {
      "name": "ArtifactoryDetector"
    },
    {
      "base64_limit": 4.5,
      "name": "Base64HighEntropyString"
    },
    {
      "name": "BasicAuthDetector"
    },
    {
      "name": "BoxDetector"
    },
    {
      "name": "CloudantDetector"
    },
    {
      "ghe_instance": "github.ibm.com",
      "name": "GheDetector"
    },
    {
      "hex_limit": 3,
      "name": "HexHighEntropyString"
    },
    {
      "name": "IbmCloudIamDetector"
    },
    {
      "name": "IbmCosHmacDetector"
    },
    {
      "name": "JwtTokenDetector"
    },
    {
      "keyword_exclude": null,
      "name": "KeywordDetector"
    },
    {
      "name": "MailchimpDetector"
    },
    {
      "name": "PrivateKeyDetector"
    },
    {
      "name": "SlackDetector"
    },
    {
      "name": "SoftlayerDetector"
    },
    {
      "name": "StripeDetector"
    },
    {
      "name": "TwilioKeyDetector"
    }
  ],
  "results": {
    "drautomationservicev1/dr_automation_service_provision_deprovision_examples_test.go": [
      {
        "hashed_secret": "d8aaa81e837f6842990b0d010cc6418d46efa480",
        "is_secret": false,
        "is_verified": false,
        "line_number": 25,
        "type": "Hex High Entropy String",
        "verified_result": null
      },
      {
        "hashed_secret": "63fd038655cf061dee83085f8d902d1045300b36",
        "is_secret": false,
        "is_verified": false,
        "line_number": 37,
        "type": "Secret Keyword",
        "verified_result": null
      },
      {
        "hashed_secret": "3fa4fc540742cddaf407be3d5c1473cff0033e1e",
        "is_secret": false,
        "is_verified": false,
        "line_number": 56,
        "type": "Secret Keyword",
        "verified_result": null
      }
    ],
    "drautomationservicev1/dr_automation_service_v1.go": [
      {
        "hashed_secret": "32c204f2ec2fd1f1146d9eb40c65f625fd24e0b5",
        "is_secret": false,
        "is_verified": false,
        "line_number": 174,
        "type": "Secret Keyword",
        "verified_result": null
      },
      {
        "hashed_secret": "e204d28a2874f6123747650d3e4003d4357d75eb",
        "is_secret": false,
        "is_verified": false,
        "line_number": 246,
        "type": "Secret Keyword",
        "verified_result": null
      },
      {
        "hashed_secret": "b0caa0271bda35b09c45155df3832b056255bc96",
        "is_secret": false,
        "is_verified": false,
        "line_number": 296,
        "type": "Secret Keyword",
        "verified_result": null
      },
      {
        "hashed_secret": "f0f9776696ad22d22eaac21090596c8ff9908a80",
        "is_secret": false,
        "is_verified": false,
        "line_number": 329,
        "type": "Secret Keyword",
        "verified_result": null
      },
      {
        "hashed_secret": "5c83780c979575bd469ca376e09f90dbb544d95b",
        "is_secret": false,
        "is_verified": false,
        "line_number": 379,
        "type": "Secret Keyword",
        "verified_result": null
      },
      {
        "hashed_secret": "4770fa23bfb6c07339814f001b1c0d6fb1dee2d0",
        "is_secret": false,
        "is_verified": false,
        "line_number": 995,
        "type": "Secret Keyword",
        "verified_result": null
      },
      {
        "hashed_secret": "d3757d3106316a04a77f2958c69da829bc883d09",
        "is_secret": false,
        "is_verified": false,
        "line_number": 1001,
        "type": "Secret Keyword",
        "verified_result": null
      },
      {
        "hashed_secret": "c78904603cf4d8adce783465c5815bdfc668a34d",
        "is_secret": false,
        "is_verified": false,
        "line_number": 1004,
        "type": "Secret Keyword",
        "verified_result": null
      },
      {
        "hashed_secret": "ba5bf2618937ee2bb431d7f6452bcb6657a3482d",
        "is_secret": false,
        "is_verified": false,
        "line_number": 1010,
        "type": "Secret Keyword",
        "verified_result": null
      },
      {
        "hashed_secret": "8e766b88a3c9ca1cb944ba338737b5f69f1206b5",
        "is_secret": false,
        "is_verified": false,
        "line_number": 1037,
        "type": "Secret Keyword",
        "verified_result": null
      },
      {
        "hashed_secret": "6452e7c5a42f97b00af1a210afc7d4de315e57ec",
        "is_secret": false,
        "is_verified": false,
        "line_number": 3466,
        "type": "Secret Keyword",
        "verified_result": null
      }
    ],
    "drautomationservicev1/dr_automation_service_v1_custom_examples_test.go": [
      {
        "hashed_secret": "811424347556b661512671f7a53aafa6aaf03ca2",
        "is_secret": false,
        "is_verified": false,
        "line_number": 22,
        "type": "Secret Keyword",
        "verified_result": null
      },
      {
        "hashed_secret": "ecb47e6f477780b52e724c150175f80956ef19bd",
        "is_secret": false,
        "is_verified": false,
        "line_number": 263,
        "type": "Base64 High Entropy String",
        "verified_result": null
      }
    ],
    "drautomationservicev1/dr_automation_service_v1_examples_test.go": [
      {
        "hashed_secret": "811424347556b661512671f7a53aafa6aaf03ca2",
        "is_secret": false,
        "is_verified": false,
        "line_number": 37,
        "type": "Secret Keyword",
        "verified_result": null
      },
      {
        "hashed_secret": "ecb47e6f477780b52e724c150175f80956ef19bd",
        "is_secret": false,
        "is_verified": false,
        "line_number": 347,
        "type": "Base64 High Entropy String",
        "verified_result": null
      }
    ],
    "drautomationservicev1/dr_automation_service_v1_integration_test.go": [
      {
        "hashed_secret": "43040ec446c955fc1235fb8283c87097f2498d50",
        "is_secret": false,
        "is_verified": false,
        "line_number": 284,
        "type": "Base64 High Entropy String",
        "verified_result": null
      }
    ],
    "drautomationservicev1/dr_automation_service_v1_test.go": [
      {
        "hashed_secret": "1f5e25be9b575e9f5d39c82dfd1d9f4d73f1975c",
        "is_secret": false,
        "is_verified": false,
        "line_number": 59,
        "type": "Secret Keyword",
        "verified_result": null
      },
      {
        "hashed_secret": "55512dd2d5fb5ed9c570d011da4e63e087ab7862",
        "is_secret": false,
        "is_verified": false,
        "line_number": 3601,
        "type": "Secret Keyword",
        "verified_result": null
      },
      {
        "hashed_secret": "b8473b86d4c2072ca9b08bd28e373e8253e865c4",
        "is_secret": false,
        "is_verified": false,
        "line_number": 3620,
        "type": "Secret Keyword",
        "verified_result": null
      },
      {
        "hashed_secret": "43040ec446c955fc1235fb8283c87097f2498d50",
        "is_secret": false,
        "is_verified": false,
        "line_number": 3669,
        "type": "Base64 High Entropy String",
        "verified_result": null
      },
      {
        "hashed_secret": "421586bc25f1b16dee534505adc9813acf3578bb",
        "is_secret": false,
        "is_verified": false,
        "line_number": 3843,
        "type": "Secret Keyword",
        "verified_result": null
      },
      {
        "hashed_secret": "86f528ff713b453058af8e761eac1ab0be09646f",
        "is_secret": false,
        "is_verified": false,
        "line_number": 3859,
        "type": "Base64 High Entropy String",
        "verified_result": null
      }
    ],
    "powerhaautomationservicev1/powerha_automation_service_provision_deprovision_examples_test.go": [
      {
        "hashed_secret": "d8aaa81e837f6842990b0d010cc6418d46efa480",
        "is_secret": false,
        "is_verified": false,
        "line_number": 25,
        "type": "Hex High Entropy String",
        "verified_result": null
      },
      {
        "hashed_secret": "63fd038655cf061dee83085f8d902d1045300b36",
        "is_secret": false,
        "is_verified": false,
        "line_number": 37,
        "type": "Secret Keyword",
        "verified_result": null
      },
      {
        "hashed_secret": "3fa4fc540742cddaf407be3d5c1473cff0033e1e",
        "is_secret": false,
        "is_verified": false,
        "line_number": 56,
        "type": "Secret Keyword",
        "verified_result": null
      }
    ],
    "powerhaautomationservicev1/powerha_automation_service_v1.go": [
      {
        "hashed_secret": "783923e57ba5e8f1044632c31fd806ee24814bb5",
        "is_secret": false,
        "is_verified": false,
        "line_number": 175,
        "type": "Secret Keyword",
        "verified_result": null
      },
      {
        "hashed_secret": "0a25ba5991316bdda4a9b3abcee2106016df28a0",
        "is_secret": false,
        "is_verified": false,
        "line_number": 250,
        "type": "Secret Keyword",
        "verified_result": null
      },
      {
        "hashed_secret": "b0caa0271bda35b09c45155df3832b056255bc96",
        "is_secret": false,
        "is_verified": false,
        "line_number": 300,
        "type": "Secret Keyword",
        "verified_result": null
      },
      {
        "hashed_secret": "32d6774e1e9e6b4ae944c888bcab8936ff466c9d",
        "is_secret": false,
        "is_verified": false,
        "line_number": 853,
        "type": "Secret Keyword",
        "verified_result": null
      },
      {
        "hashed_secret": "6452e7c5a42f97b00af1a210afc7d4de315e57ec",
        "is_secret": false,
        "is_verified": false,
        "line_number": 1461,
        "type": "Secret Keyword",
        "verified_result": null
      }
    ],
    "powerhaautomationservicev1/powerha_automation_service_v1_examples_test.go": [
      {
        "hashed_secret": "811424347556b661512671f7a53aafa6aaf03ca2",
        "is_secret": false,
        "is_verified": false,
        "line_number": 38,
        "type": "Secret Keyword",
        "verified_result": null
      }
    ],
    "powerhaautomationservicev1/powerha_automation_service_v1_test.go": [
      {
        "hashed_secret": "1f5e25be9b575e9f5d39c82dfd1d9f4d73f1975c",
        "is_secret": false,
        "is_verified": false,
        "line_number": 59,
        "type": "Secret Keyword",
        "verified_result": null
      },
      {
        "hashed_secret": "bfa6c75d62219ac0d693745429900e6ed086978d",
        "is_secret": false,
        "is_verified": false,
        "line_number": 448,
        "type": "Base64 High Entropy String",
        "verified_result": null
      },
      {
        "hashed_secret": "c73879eba76f0227ce18c8f62c3c56ad66fcff50",
        "is_secret": false,
        "is_verified": false,
        "line_number": 1208,
        "type": "Base64 High Entropy String",
        "verified_result": null
      },
      {
        "hashed_secret": "ba35b77e8d6c99b2a62adb8c720b537a6e4a86ff",
        "is_secret": false,
        "is_verified": false,
        "line_number": 1442,
        "type": "Base64 High Entropy String",
        "verified_result": null
      },
      {
        "hashed_secret": "b006d765c105d2d5a8040dc5afeae599cf0f774b",
        "is_secret": false,
        "is_verified": false,
        "line_number": 1682,
        "type": "Base64 High Entropy String",
        "verified_result": null
      },
      {
        "hashed_secret": "9ba5132de68935021748ed313e252ec5749f6cbd",
        "is_secret": false,
        "is_verified": false,
        "line_number": 2149,
        "type": "Base64 High Entropy String",
        "verified_result": null
      },
      {
        "hashed_secret": "545d6f94bdd06a6904d404e664d75c093c22650f",
        "is_secret": false,
        "is_verified": false,
        "line_number": 2452,
        "type": "Base64 High Entropy String",
        "verified_result": null
      },
      {
        "hashed_secret": "28d3c282c423ef062746e47a1c319c9e3ba39c96",
        "is_secret": false,
        "is_verified": false,
        "line_number": 2679,
        "type": "Base64 High Entropy String",
        "verified_result": null
      },
      {
        "hashed_secret": "9d1aa1789a4aa3e039b485dc178b602ce1557375",
        "is_secret": false,
        "is_verified": false,
        "line_number": 2866,
        "type": "Base64 High Entropy String",
        "verified_result": null
      },
      {
        "hashed_secret": "86f528ff713b453058af8e761eac1ab0be09646f",
        "is_secret": false,
        "is_verified": false,
        "line_number": 3258,
        "type": "Base64 High Entropy String",
        "verified_result": null
      }
    ]
  },
  "version": "0.13.1+ibm.64.dss",
  "word_list": {
    "file": null,
    "hash": null
  }
}
